[
    {
        "@context": {
            "schema": "https://schema.org",
            "municipio": "https://schema.municipio.tech/schema.jsonld"
        },
        "@type": "JobPosting",
        "title": "title",
        "employerOverview": "prefix_text",
        "description": "description",
        "datePosted": "2024-04-01",
        "validThrough": "2024-05-01",
        "employmentType": "occupation_degree",
        "url": "https://",
        "directApply": true,
        "relevantOccupation": {
            "@type": "Occupation",
            "name": "occupation_area"
        },
        "hiringOrganization": {
            "@type": "Organization",
            "name": "nameorgunit_1",
            "ethicsPolicy": "suffix_text"
        },
        "employmentUnit": {
            "@type": "Organization",
            "name": "nameorgunit_2",
            "address": {
                "@type": "PostalAddress",
                "addressRegion": "name_1",
                "addressLocality": "name_2"
            }
        },
        "applicationContact": [
            {
                "@type": "ContactPoint",
                "contactType": "position_1",
                "name": "first_name_1 surname_1",
                "email": "email_1",
                "telephone": "phone_1"
            },
            {
                "@type": "ContactPoint",
                "contactType": "position_2",
                "name": "first_name_2 surname_2",
                "email": "email_2",
                "telephone": "phone_2"
            }
        ],
        "@id": "2",
        "@version": "3782263a843a0fd21ef42eb6fd9b842a"
    }
]
