[
    {
        "@context": {
            "schema": "https://schema.org",
            "municipio": "https://schema.municipio.tech/schema.jsonld"
        },
        "@type": "schema:Event",
        "name": "Idrottsaktiviteter frö Årskurs 4-6",
        "description": "<div>Vi erbjuder planerade aktiviteter för Årskurs 4-6 i nya idrotthallen.</div>\n<p>Aktiviteten är gratis och har drop-in.</p>\n<p><b>Tid</b>: tisdagar, klockan 15.15-16.30</p>\n<p><strong>Plats</strong>: Rydebäcks nya idrottshall, Frösögatan 15, Rydebäck</p>\n<p><b>Ålder: </b>10-12 år</p>\n<p><strong>Ta med</strong>: Ett glatt humör</p>\n<p>Du får gärna kontakta oss om du vill veta mer om aktiviteten.</p>\n<p>Håll dig uppdaterad på instagram <a href=\"https://www.instagram.com/rydebacksfritidsgard/\">@rydebacksfritidsgard</a> för inspiration och senaste nytt. Avvikande tider kan förekomma.</p>\n",
        "location": {
            "@type": "Place",
            "name": "Rydebäcks idrottshall",
            "address": "Frösögatan 15, 25730, Rydebäck",
            "latitude": "55.9668958",
            "longitude": "12.7745249"
        },
        "startDate": "2030-02-11T15:15:00+00:00",
        "endDate": "2030-02-11T16:30:00+00:00",
        "eventStatus": "https://schema.org/EventScheduled",
        "image": {
            "@type": "ImageObject",
            "url": "https://api.helsingborg.se/wp-content/uploads/sites/2/2025/02/foto-till-aktivitetskalender-14.png",
            "description": "Alt Text"
        },
        "keywords": [
            {
                "@type": "DefinedTerm",
                "name": "Aktiviteter",
                "inDefinedTermSet": {
                    "@type": "DefinedTermSet",
                    "name": "event_categories"
                }
            },
            {
                "@type": "DefinedTerm",
                "name": "För barn och ungdom",
                "inDefinedTermSet": {
                    "@type": "DefinedTermSet",
                    "name": "event_categories"
                }
            },
            {
                "@type": "DefinedTerm",
                "name": "Lovaktiviteter",
                "inDefinedTermSet": {
                    "@type": "DefinedTermSet",
                    "name": "event_categories"
                }
            },
            {
                "@type": "DefinedTerm",
                "name": "Mat &amp; dryck",
                "inDefinedTermSet": {
                    "@type": "DefinedTermSet",
                    "name": "event_categories"
                }
            },
            {
                "@type": "DefinedTerm",
                "name": "Prova på",
                "inDefinedTermSet": {
                    "@type": "DefinedTermSet",
                    "name": "event_categories"
                }
            },
            {
                "@type": "DefinedTerm",
                "name": "Helsingborgs Konserthus",
                "inDefinedTermSet": {
                    "@type": "DefinedTermSet",
                    "name": "event_tags"
                }
            },
            {
                "@type": "DefinedTerm",
                "name": "jazz",
                "inDefinedTermSet": {
                    "@type": "DefinedTermSet",
                    "name": "event_tags"
                }
            },
            {
                "@type": "DefinedTerm",
                "name": "Konsert",
                "inDefinedTermSet": {
                    "@type": "DefinedTermSet",
                    "name": "event_tags"
                }
            },
            {
                "@type": "DefinedTerm",
                "name": "Helsingborg Stad",
                "inDefinedTermSet": {
                    "@type": "DefinedTermSet",
                    "name": "user_groups"
                }
            },
            {
                "@type": "DefinedTerm",
                "name": "Lov",
                "inDefinedTermSet": {
                    "@type": "DefinedTermSet",
                    "name": "user_groups"
                }
            }
        ],
        "eventAttendanceMode": "https://schema.org/OfflineEventAttendanceMode",
        "eventsInSameSeries": [
            {
                "@type": "Event",
                "@id": "2099853-1"
            },
            {
                "@type": "Event",
                "@id": "2099853-2"
            }
        ],
        "organizer": [
            {
                "@type": "Organization",
                "name": "Test organizer",
                "url": "https://test-organizer-website.com",
                "email": "organizer@example.com",
                "telephone": "123-456 78 90"
            },
            {
                "@type": "Organization",
                "name": "Test organizer 2",
                "url": "https://test-organizer2-website.com",
                "email": "organizer2@example.com",
                "telephone": "234-567 89 01"
            }
        ],
        "physicalAccessibilityFeatures": [
            "Handikapptoalett",
            "Hiss/ramp"
        ],
        "typicalAgeRange": "10-12",
        "offers": [
            {
                "@type": "Offer",
                "price": 250,
                "priceCurrency": "SEK",
                "name": "Standard/Vuxen",
                "url": "https://booking-link.org"
            },
            {
                "@type": "Offer",
                "price": 125,
                "priceCurrency": "SEK",
                "name": "Barn",
                "url": "https://booking-link.org"
            },
            {
                "@type": "Offer",
                "price": 200,
                "priceCurrency": "SEK",
                "name": "Pensionär",
                "url": "https://booking-link.org"
            },
            {
                "@type": "Offer",
                "priceCurrency": "SEK",
                "name": "Sittplats",
                "priceSpecification": {
                    "@type": "PriceSpecification",
                    "minPrice": 20,
                    "maxPrice": 40
                },
                "url": "https://booking-link.org"
            },
            {
                "@type": "Offer",
                "priceCurrency": "SEK",
                "name": "Ståplats",
                "priceSpecification": {
                    "@type": "PriceSpecification",
                    "minPrice": 30,
                    "maxPrice": 60
                },
                "url": "https://booking-link.org"
            }
        ],
        "url": "https://helsingborg.se/uppleva-och-gora/",
        "@id": "idprefix2099853-0"
    },
    {
        "@context": {
            "schema": "https://schema.org",
            "municipio": "https://schema.municipio.tech/schema.jsonld"
        },
        "@type": "schema:Event",
        "name": "Idrottsaktiviteter frö Årskurs 4-6",
        "description": "<div>Vi erbjuder planerade aktiviteter för Årskurs 4-6 i nya idrotthallen.</div>\n<p>Aktiviteten är gratis och har drop-in.</p>\n<p><b>Tid</b>: tisdagar, klockan 15.15-16.30</p>\n<p><strong>Plats</strong>: Rydebäcks nya idrottshall, Frösögatan 15, Rydebäck</p>\n<p><b>Ålder: </b>10-12 år</p>\n<p><strong>Ta med</strong>: Ett glatt humör</p>\n<p>Du får gärna kontakta oss om du vill veta mer om aktiviteten.</p>\n<p>Håll dig uppdaterad på instagram <a href=\"https://www.instagram.com/rydebacksfritidsgard/\">@rydebacksfritidsgard</a> för inspiration och senaste nytt. Avvikande tider kan förekomma.</p>\n",
        "location": {
            "@type": "Place",
            "name": "Rydebäcks idrottshall",
            "address": "Frösögatan 15, 25730, Rydebäck",
            "latitude": "55.9668958",
            "longitude": "12.7745249"
        },
        "startDate": "2040-02-18T15:15:00+00:00",
        "endDate": "2040-02-18T16:30:00+00:00",
        "eventStatus": "https://schema.org/EventRescheduled",
        "image": {
            "@type": "ImageObject",
            "url": "https://api.helsingborg.se/wp-content/uploads/sites/2/2025/02/foto-till-aktivitetskalender-14.png",
            "description": "Alt Text"
        },
        "keywords": [
            {
                "@type": "DefinedTerm",
                "name": "Aktiviteter",
                "inDefinedTermSet": {
                    "@type": "DefinedTermSet",
                    "name": "event_categories"
                }
            },
            {
                "@type": "DefinedTerm",
                "name": "För barn och ungdom",
                "inDefinedTermSet": {
                    "@type": "DefinedTermSet",
                    "name": "event_categories"
                }
            },
            {
                "@type": "DefinedTerm",
                "name": "Lovaktiviteter",
                "inDefinedTermSet": {
                    "@type": "DefinedTermSet",
                    "name": "event_categories"
                }
            },
            {
                "@type": "DefinedTerm",
                "name": "Mat &amp; dryck",
                "inDefinedTermSet": {
                    "@type": "DefinedTermSet",
                    "name": "event_categories"
                }
            },
            {
                "@type": "DefinedTerm",
                "name": "Prova på",
                "inDefinedTermSet": {
                    "@type": "DefinedTermSet",
                    "name": "event_categories"
                }
            },
            {
                "@type": "DefinedTerm",
                "name": "Helsingborgs Konserthus",
                "inDefinedTermSet": {
                    "@type": "DefinedTermSet",
                    "name": "event_tags"
                }
            },
            {
                "@type": "DefinedTerm",
                "name": "jazz",
                "inDefinedTermSet": {
                    "@type": "DefinedTermSet",
                    "name": "event_tags"
                }
            },
            {
                "@type": "DefinedTerm",
                "name": "Konsert",
                "inDefinedTermSet": {
                    "@type": "DefinedTermSet",
                    "name": "event_tags"
                }
            },
            {
                "@type": "DefinedTerm",
                "name": "Helsingborg Stad",
                "inDefinedTermSet": {
                    "@type": "DefinedTermSet",
                    "name": "user_groups"
                }
            },
            {
                "@type": "DefinedTerm",
                "name": "Lov",
                "inDefinedTermSet": {
                    "@type": "DefinedTermSet",
                    "name": "user_groups"
                }
            }
        ],
        "eventAttendanceMode": "https://schema.org/OfflineEventAttendanceMode",
        "eventsInSameSeries": [
            {
                "@type": "Event",
                "@id": "2099853-0"
            },
            {
                "@type": "Event",
                "@id": "2099853-2"
            }
        ],
        "organizer": [
            {
                "@type": "Organization",
                "name": "Test organizer",
                "url": "https://test-organizer-website.com",
                "email": "organizer@example.com",
                "telephone": "123-456 78 90"
            },
            {
                "@type": "Organization",
                "name": "Test organizer 2",
                "url": "https://test-organizer2-website.com",
                "email": "organizer2@example.com",
                "telephone": "234-567 89 01"
            }
        ],
        "physicalAccessibilityFeatures": [
            "Handikapptoalett",
            "Hiss/ramp"
        ],
        "typicalAgeRange": "10-12",
        "offers": [
            {
                "@type": "Offer",
                "price": 250,
                "priceCurrency": "SEK",
                "name": "Standard/Vuxen",
                "url": "https://booking-link.org"
            },
            {
                "@type": "Offer",
                "price": 125,
                "priceCurrency": "SEK",
                "name": "Barn",
                "url": "https://booking-link.org"
            },
            {
                "@type": "Offer",
                "price": 200,
                "priceCurrency": "SEK",
                "name": "Pensionär",
                "url": "https://booking-link.org"
            },
            {
                "@type": "Offer",
                "priceCurrency": "SEK",
                "name": "Sittplats",
                "priceSpecification": {
                    "@type": "PriceSpecification",
                    "minPrice": 20,
                    "maxPrice": 40
                },
                "url": "https://booking-link.org"
            },
            {
                "@type": "Offer",
                "priceCurrency": "SEK",
                "name": "Ståplats",
                "priceSpecification": {
                    "@type": "PriceSpecification",
                    "minPrice": 30,
                    "maxPrice": 60
                },
                "url": "https://booking-link.org"
            }
        ],
        "url": "https://helsingborg.se/uppleva-och-gora/",
        "@id": "idprefix2099853-1"
    },
    {
        "@context": {
            "schema": "https://schema.org",
            "municipio": "https://schema.municipio.tech/schema.jsonld"
        },
        "@type": "schema:Event",
        "name": "Idrottsaktiviteter frö Årskurs 4-6",
        "description": "<div>Vi erbjuder planerade aktiviteter för Årskurs 4-6 i nya idrotthallen.</div>\n<p>Aktiviteten är gratis och har drop-in.</p>\n<p><b>Tid</b>: tisdagar, klockan 15.15-16.30</p>\n<p><strong>Plats</strong>: Rydebäcks nya idrottshall, Frösögatan 15, Rydebäck</p>\n<p><b>Ålder: </b>10-12 år</p>\n<p><strong>Ta med</strong>: Ett glatt humör</p>\n<p>Du får gärna kontakta oss om du vill veta mer om aktiviteten.</p>\n<p>Håll dig uppdaterad på instagram <a href=\"https://www.instagram.com/rydebacksfritidsgard/\">@rydebacksfritidsgard</a> för inspiration och senaste nytt. Avvikande tider kan förekomma.</p>\n",
        "location": {
            "@type": "Place",
            "name": "Rydebäcks idrottshall",
            "address": "Frösögatan 15, 25730, Rydebäck",
            "latitude": "55.9668958",
            "longitude": "12.7745249"
        },
        "startDate": "2030-03-04T15:15:00+00:00",
        "endDate": "2030-03-04T16:30:00+00:00",
        "eventStatus": "https://schema.org/EventCancelled",
        "image": {
            "@type": "ImageObject",
            "url": "https://api.helsingborg.se/wp-content/uploads/sites/2/2025/02/foto-till-aktivitetskalender-14.png",
            "description": "Alt Text"
        },
        "keywords": [
            {
                "@type": "DefinedTerm",
                "name": "Aktiviteter",
                "inDefinedTermSet": {
                    "@type": "DefinedTermSet",
                    "name": "event_categories"
                }
            },
            {
                "@type": "DefinedTerm",
                "name": "För barn och ungdom",
                "inDefinedTermSet": {
                    "@type": "DefinedTermSet",
                    "name": "event_categories"
                }
            },
            {
                "@type": "DefinedTerm",
                "name": "Lovaktiviteter",
                "inDefinedTermSet": {
                    "@type": "DefinedTermSet",
                    "name": "event_categories"
                }
            },
            {
                "@type": "DefinedTerm",
                "name": "Mat &amp; dryck",
                "inDefinedTermSet": {
                    "@type": "DefinedTermSet",
                    "name": "event_categories"
                }
            },
            {
                "@type": "DefinedTerm",
                "name": "Prova på",
                "inDefinedTermSet": {
                    "@type": "DefinedTermSet",
                    "name": "event_categories"
                }
            },
            {
                "@type": "DefinedTerm",
                "name": "Helsingborgs Konserthus",
                "inDefinedTermSet": {
                    "@type": "DefinedTermSet",
                    "name": "event_tags"
                }
            },
            {
                "@type": "DefinedTerm",
                "name": "jazz",
                "inDefinedTermSet": {
                    "@type": "DefinedTermSet",
                    "name": "event_tags"
                }
            },
            {
                "@type": "DefinedTerm",
                "name": "Konsert",
                "inDefinedTermSet": {
                    "@type": "DefinedTermSet",
                    "name": "event_tags"
                }
            },
            {
                "@type": "DefinedTerm",
                "name": "Helsingborg Stad",
                "inDefinedTermSet": {
                    "@type": "DefinedTermSet",
                    "name": "user_groups"
                }
            },
            {
                "@type": "DefinedTerm",
                "name": "Lov",
                "inDefinedTermSet": {
                    "@type": "DefinedTermSet",
                    "name": "user_groups"
                }
            }
        ],
        "eventAttendanceMode": "https://schema.org/OfflineEventAttendanceMode",
        "eventsInSameSeries": [
            {
                "@type": "Event",
                "@id": "2099853-0"
            },
            {
                "@type": "Event",
                "@id": "2099853-1"
            }
        ],
        "organizer": [
            {
                "@type": "Organization",
                "name": "Test organizer",
                "url": "https://test-organizer-website.com",
                "email": "organizer@example.com",
                "telephone": "123-456 78 90"
            },
            {
                "@type": "Organization",
                "name": "Test organizer 2",
                "url": "https://test-organizer2-website.com",
                "email": "organizer2@example.com",
                "telephone": "234-567 89 01"
            }
        ],
        "physicalAccessibilityFeatures": [
            "Handikapptoalett",
            "Hiss/ramp"
        ],
        "typicalAgeRange": "10-12",
        "offers": [
            {
                "@type": "Offer",
                "price": 250,
                "priceCurrency": "SEK",
                "name": "Standard/Vuxen",
                "url": "https://booking-link.org"
            },
            {
                "@type": "Offer",
                "price": 125,
                "priceCurrency": "SEK",
                "name": "Barn",
                "url": "https://booking-link.org"
            },
            {
                "@type": "Offer",
                "price": 200,
                "priceCurrency": "SEK",
                "name": "Pensionär",
                "url": "https://booking-link.org"
            },
            {
                "@type": "Offer",
                "priceCurrency": "SEK",
                "name": "Sittplats",
                "priceSpecification": {
                    "@type": "PriceSpecification",
                    "minPrice": 20,
                    "maxPrice": 40
                },
                "url": "https://booking-link.org"
            },
            {
                "@type": "Offer",
                "priceCurrency": "SEK",
                "name": "Ståplats",
                "priceSpecification": {
                    "@type": "PriceSpecification",
                    "minPrice": 30,
                    "maxPrice": 60
                },
                "url": "https://booking-link.org"
            }
        ],
        "url": "https://helsingborg.se/uppleva-och-gora/",
        "@id": "idprefix2099853-2"
    }
]
